[INFO] Scanning for projects...
[INFO] 
[INFO] ----------------------< com.travelmarket:backend >----------------------
[INFO] Building backend 0.0.1-SNAPSHOT
[INFO]   from pom.xml
[INFO] --------------------------------[ jar ]---------------------------------
[INFO] 
[INFO] --- resources:3.3.1:resources (default-resources) @ backend ---
[INFO] Copying 1 resource from src\main\resources to target\classes
[INFO] Copying 39 resources from src\main\resources to target\classes
[INFO] 
[INFO] --- compiler:3.14.1:compile (default-compile) @ backend ---
[INFO] Recompiling the module because of changed source code.
[INFO] Compiling 134 source files with javac [debug parameters release 21] to target\classes
[INFO] -------------------------------------------------------------
[WARNING] COMPILATION WARNING : 
[INFO] -------------------------------------------------------------
[WARNING] /C:/Users/10User/Documents/GitHub/Graduation-Project/backend/src/main/java/com/travelmarket/backend/config/JacksonConfig.java:[19,31] org.springframework.http.converter.json.Jackson2ObjectMapperBuilder in org.springframework.http.converter.json has been deprecated and marked for removal
[INFO] 1 warning
[INFO] -------------------------------------------------------------
[INFO] -------------------------------------------------------------
[ERROR] COMPILATION ERROR : 
[INFO] -------------------------------------------------------------
[ERROR] /C:/Users/10User/Documents/GitHub/Graduation-Project/backend/src/main/java/com/travelmarket/backend/tour/service/TourTemplateService.java:[161,34] cannot find symbol
  symbol:   method getFamilyFriendly()
  location: variable req of type com.travelmarket.backend.tour.dto.request.CreateTourTemplateRequest
[ERROR] /C:/Users/10User/Documents/GitHub/Graduation-Project/backend/src/main/java/com/travelmarket/backend/tour/service/TourTemplateService.java:[161,68] cannot find symbol
  symbol:   method getFamilyFriendly()
  location: variable req of type com.travelmarket.backend.tour.dto.request.CreateTourTemplateRequest
[ERROR] /C:/Users/10User/Documents/GitHub/Graduation-Project/backend/src/main/java/com/travelmarket/backend/tour/service/TourTemplateService.java:[542,28] cannot find symbol
  symbol:   method setTourTemplate(com.travelmarket.backend.tour.entity.TourTemplate)
  location: variable occ of type com.travelmarket.backend.tour.entity.TourOccurrence
[ERROR] /C:/Users/10User/Documents/GitHub/Graduation-Project/backend/src/main/java/com/travelmarket/backend/tour/service/TourTemplateService.java:[544,28] cannot find symbol
  symbol:   method setBasePrice(java.math.BigDecimal)
  location: variable occ of type com.travelmarket.backend.tour.entity.TourOccurrence
[ERROR] /C:/Users/10User/Documents/GitHub/Graduation-Project/backend/src/main/java/com/travelmarket/backend/tour/service/TourTemplateService.java:[545,28] cannot find symbol
  symbol:   method setCapacity(java.lang.Integer)
  location: variable occ of type com.travelmarket.backend.tour.entity.TourOccurrence
[ERROR] /C:/Users/10User/Documents/GitHub/Graduation-Project/backend/src/main/java/com/travelmarket/backend/tour/service/TourTemplateService.java:[546,28] cannot find symbol
  symbol:   method setAvailableSeats(java.lang.Integer)
  location: variable occ of type com.travelmarket.backend.tour.entity.TourOccurrence
[INFO] 6 errors 
[INFO] -------------------------------------------------------------
[INFO] ------------------------------------------------------------------------
[INFO] BUILD FAILURE
[INFO] ------------------------------------------------------------------------
[INFO] Total time:  21.955 s
[INFO] Finished at: 2026-03-27T21:51:45+02:00
[INFO] ------------------------------------------------------------------------
[ERROR] Failed to execute goal org.apache.maven.plugins:maven-compiler-plugin:3.14.1:compile (default-compile) on project backend: Compilation failure: Compilation failure: 
[ERROR] /C:/Users/10User/Documents/GitHub/Graduation-Project/backend/src/main/java/com/travelmarket/backend/tour/service/TourTemplateService.java:[161,34] cannot find symbol
[ERROR]   symbol:   method getFamilyFriendly()
[ERROR]   location: variable req of type com.travelmarket.backend.tour.dto.request.CreateTourTemplateRequest
[ERROR] /C:/Users/10User/Documents/GitHub/Graduation-Project/backend/src/main/java/com/travelmarket/backend/tour/service/TourTemplateService.java:[161,68] cannot find symbol
[ERROR]   symbol:   method getFamilyFriendly()
[ERROR]   location: variable req of type com.travelmarket.backend.tour.dto.request.CreateTourTemplateRequest
[ERROR] /C:/Users/10User/Documents/GitHub/Graduation-Project/backend/src/main/java/com/travelmarket/backend/tour/service/TourTemplateService.java:[542,28] cannot find symbol
[ERROR]   symbol:   method setTourTemplate(com.travelmarket.backend.tour.entity.TourTemplate)
[ERROR]   location: variable occ of type com.travelmarket.backend.tour.entity.TourOccurrence
[ERROR] /C:/Users/10User/Documents/GitHub/Graduation-Project/backend/src/main/java/com/travelmarket/backend/tour/service/TourTemplateService.java:[544,28] cannot find symbol
[ERROR]   symbol:   method setBasePrice(java.math.BigDecimal)
[ERROR]   location: variable occ of type com.travelmarket.backend.tour.entity.TourOccurrence
[ERROR] /C:/Users/10User/Documents/GitHub/Graduation-Project/backend/src/main/java/com/travelmarket/backend/tour/service/TourTemplateService.java:[545,28] cannot find symbol
[ERROR]   symbol:   method setCapacity(java.lang.Integer)
[ERROR]   location: variable occ of type com.travelmarket.backend.tour.entity.TourOccurrence
[ERROR] /C:/Users/10User/Documents/GitHub/Graduation-Project/backend/src/main/java/com/travelmarket/backend/tour/service/TourTemplateService.java:[546,28] cannot find symbol
[ERROR]   symbol:   method setAvailableSeats(java.lang.Integer)
[ERROR]   location: variable occ of type com.travelmarket.backend.tour.entity.TourOccurrence
[ERROR] -> [Help 1]
[ERROR] 
[ERROR] To see the full stack trace of the errors, re-run Maven with the -e switch.
[ERROR] Re-run Maven using the -X switch to enable full debug logging.
[ERROR] 
[ERROR] For more information about the errors and possible solutions, please read the following articles:
[ERROR] [Help 1] http://cwiki.apache.org/confluence/display/MAVEN/MojoFailureException
